qrcode.c:91:12:max	16	static
qrcode.c:106:15:getAlphanumeric	16	static
qrcode.c:126:13:isAlphanumeric	16	static
qrcode.c:134:13:isNumeric	24	static
qrcode.c:150:13:getModeBits	24	static
qrcode.c:189:17:bb_getGridSizeBytes	16	static
qrcode.c:193:17:bb_getBufferSizeBytes	16	static
qrcode.c:197:13:bb_initBuffer	24	static
qrcode.c:205:13:bb_initGrid	24	static
qrcode.c:213:13:bb_appendBits	32	static
qrcode.c:227:13:bb_setBit	24	static
qrcode.c:237:13:bb_invertBit	24	static
qrcode.c:248:13:bb_getBit	24	static
qrcode.c:260:13:applyMask	32	static
qrcode.c:283:13:setFunctionModule	24	static
qrcode.c:289:13:drawFinderPattern	40	static
qrcode.c:304:13:drawAlignmentPattern	48	static
qrcode.c:314:13:drawFormatBits	56	static
qrcode.c:356:13:drawVersion	48	static
qrcode.c:385:13:drawFunctionPatterns	64	dynamic
qrcode.c:445:13:drawCodewords	48	static
qrcode.c:487:17:getPenaltyScore	64	static
qrcode.c:579:16:rs_multiply	24	static
qrcode.c:590:13:rs_init	32	static
qrcode.c:610:13:rs_getRemainder	32	static
qrcode.c:633:15:encodeDataCodewords	48	static
qrcode.c:693:13:performErrorCorrection	80	dynamic
qrcode.c:774:10:qrcode_getBufferSize	16	static
qrcode.c:779:8:qrcode_initBytes	128	dynamic
qrcode.c:855:8:qrcode_initText	32	static
qrcode.c:859:6:qrcode_getModule	24	static
